Archive member included to satisfy reference by file (symbol)

/home/lachini/Downloads/arduino-1.8.8/hardware/tools/avr/bin/../lib/gcc/avr/5.4.0/avr4/libgcc.a(_udivmodsi4.o)
                              obj/Debug/core/drivers/Time.o (__udivmodsi4)
/home/lachini/Downloads/arduino-1.8.8/hardware/tools/avr/bin/../lib/gcc/avr/5.4.0/avr4/libgcc.a(_exit.o)
                              /home/lachini/Downloads/arduino-1.8.8/hardware/tools/avr/bin/../lib/gcc/avr/5.4.0/../../../../avr/lib/avr4/crtatmega8.o (exit)
/home/lachini/Downloads/arduino-1.8.8/hardware/tools/avr/bin/../lib/gcc/avr/5.4.0/avr4/libgcc.a(_copy_data.o)
                              obj/Debug/hardware/atmega8/cpu/Utils.o (__do_copy_data)
/home/lachini/Downloads/arduino-1.8.8/hardware/tools/avr/bin/../lib/gcc/avr/5.4.0/avr4/libgcc.a(_clear_bss.o)
                              obj/Debug/core/drivers/Buzzer.o (__do_clear_bss)
/home/lachini/Downloads/arduino-1.8.8/hardware/tools/avr/bin/../lib/gcc/avr/5.4.0/avr4/libgcc.a(_umulhisi3.o)
                              obj/Debug/hardware/atmega8/cpu/Utils.o (__umulhisi3)
/home/lachini/Downloads/arduino-1.8.8/hardware/tools/avr/bin/../lib/gcc/avr/5.4.0/../../../../avr/lib/avr4/libm.a(addsf3.o)
                              obj/Debug/hardware/atmega8/cpu/Utils.o (__addsf3)
/home/lachini/Downloads/arduino-1.8.8/hardware/tools/avr/bin/../lib/gcc/avr/5.4.0/../../../../avr/lib/avr4/libm.a(addsf3x.o)
                              /home/lachini/Downloads/arduino-1.8.8/hardware/tools/avr/bin/../lib/gcc/avr/5.4.0/../../../../avr/lib/avr4/libm.a(addsf3.o) (__addsf3x)
/home/lachini/Downloads/arduino-1.8.8/hardware/tools/avr/bin/../lib/gcc/avr/5.4.0/../../../../avr/lib/avr4/libm.a(cmpsf2.o)
                              obj/Debug/hardware/atmega8/cpu/Utils.o (__ltsf2)
/home/lachini/Downloads/arduino-1.8.8/hardware/tools/avr/bin/../lib/gcc/avr/5.4.0/../../../../avr/lib/avr4/libm.a(divsf3.o)
                              obj/Debug/hardware/atmega8/cpu/Utils.o (__divsf3)
/home/lachini/Downloads/arduino-1.8.8/hardware/tools/avr/bin/../lib/gcc/avr/5.4.0/../../../../avr/lib/avr4/libm.a(divsf3x.o)
                              /home/lachini/Downloads/arduino-1.8.8/hardware/tools/avr/bin/../lib/gcc/avr/5.4.0/../../../../avr/lib/avr4/libm.a(divsf3.o) (__divsf3x)
/home/lachini/Downloads/arduino-1.8.8/hardware/tools/avr/bin/../lib/gcc/avr/5.4.0/../../../../avr/lib/avr4/libm.a(fixunssfsi.o)
                              obj/Debug/hardware/atmega8/cpu/Utils.o (__fixunssfsi)
/home/lachini/Downloads/arduino-1.8.8/hardware/tools/avr/bin/../lib/gcc/avr/5.4.0/../../../../avr/lib/avr4/libm.a(fp_cmp.o)
                              /home/lachini/Downloads/arduino-1.8.8/hardware/tools/avr/bin/../lib/gcc/avr/5.4.0/../../../../avr/lib/avr4/libm.a(cmpsf2.o) (__fp_cmp)
/home/lachini/Downloads/arduino-1.8.8/hardware/tools/avr/bin/../lib/gcc/avr/5.4.0/../../../../avr/lib/avr4/libm.a(fp_inf.o)
                              /home/lachini/Downloads/arduino-1.8.8/hardware/tools/avr/bin/../lib/gcc/avr/5.4.0/../../../../avr/lib/avr4/libm.a(addsf3x.o) (__fp_inf)
/home/lachini/Downloads/arduino-1.8.8/hardware/tools/avr/bin/../lib/gcc/avr/5.4.0/../../../../avr/lib/avr4/libm.a(fp_nan.o)
                              /home/lachini/Downloads/arduino-1.8.8/hardware/tools/avr/bin/../lib/gcc/avr/5.4.0/../../../../avr/lib/avr4/libm.a(addsf3x.o) (__fp_nan)
/home/lachini/Downloads/arduino-1.8.8/hardware/tools/avr/bin/../lib/gcc/avr/5.4.0/../../../../avr/lib/avr4/libm.a(fp_pscA.o)
                              /home/lachini/Downloads/arduino-1.8.8/hardware/tools/avr/bin/../lib/gcc/avr/5.4.0/../../../../avr/lib/avr4/libm.a(addsf3x.o) (__fp_pscA)
/home/lachini/Downloads/arduino-1.8.8/hardware/tools/avr/bin/../lib/gcc/avr/5.4.0/../../../../avr/lib/avr4/libm.a(fp_pscB.o)
                              /home/lachini/Downloads/arduino-1.8.8/hardware/tools/avr/bin/../lib/gcc/avr/5.4.0/../../../../avr/lib/avr4/libm.a(addsf3x.o) (__fp_pscB)
/home/lachini/Downloads/arduino-1.8.8/hardware/tools/avr/bin/../lib/gcc/avr/5.4.0/../../../../avr/lib/avr4/libm.a(fp_round.o)
                              /home/lachini/Downloads/arduino-1.8.8/hardware/tools/avr/bin/../lib/gcc/avr/5.4.0/../../../../avr/lib/avr4/libm.a(addsf3.o) (__fp_round)
/home/lachini/Downloads/arduino-1.8.8/hardware/tools/avr/bin/../lib/gcc/avr/5.4.0/../../../../avr/lib/avr4/libm.a(fp_split3.o)
                              /home/lachini/Downloads/arduino-1.8.8/hardware/tools/avr/bin/../lib/gcc/avr/5.4.0/../../../../avr/lib/avr4/libm.a(addsf3x.o) (__fp_split3)
/home/lachini/Downloads/arduino-1.8.8/hardware/tools/avr/bin/../lib/gcc/avr/5.4.0/../../../../avr/lib/avr4/libm.a(fp_zero.o)
                              /home/lachini/Downloads/arduino-1.8.8/hardware/tools/avr/bin/../lib/gcc/avr/5.4.0/../../../../avr/lib/avr4/libm.a(addsf3x.o) (__fp_zero)
/home/lachini/Downloads/arduino-1.8.8/hardware/tools/avr/bin/../lib/gcc/avr/5.4.0/../../../../avr/lib/avr4/libm.a(gesf2.o)
                              obj/Debug/hardware/atmega8/cpu/Utils.o (__gtsf2)
/home/lachini/Downloads/arduino-1.8.8/hardware/tools/avr/bin/../lib/gcc/avr/5.4.0/../../../../avr/lib/avr4/libm.a(mulsf3.o)
                              obj/Debug/hardware/atmega8/cpu/Utils.o (__mulsf3)
/home/lachini/Downloads/arduino-1.8.8/hardware/tools/avr/bin/../lib/gcc/avr/5.4.0/../../../../avr/lib/avr4/libm.a(mulsf3x.o)
                              /home/lachini/Downloads/arduino-1.8.8/hardware/tools/avr/bin/../lib/gcc/avr/5.4.0/../../../../avr/lib/avr4/libm.a(mulsf3.o) (__mulsf3x)
/home/lachini/Downloads/arduino-1.8.8/hardware/tools/avr/bin/../lib/gcc/avr/5.4.0/../../../../avr/lib/avr4/libc.a(memcpy_P.o)
                              obj/Debug/core/Settings.o (memcpy_P)

Discarded input sections

 .group         0x0000000000000000        0x8 obj/Debug/core/drivers/Buzzer.o
 .group         0x0000000000000000        0x8 obj/Debug/core/drivers/Time.o
 .group         0x0000000000000000        0x8 obj/Debug/core/drivers/Time.o
 .text._ZN4Time7diffU16Ejj
                0x0000000000000000       0x32 obj/Debug/core/drivers/Time.o
 .group         0x0000000000000000        0x8 obj/Debug/core/ParsRefrigerator.o
 .group         0x0000000000000000        0x8 obj/Debug/core/ParsRefrigerator.o
 .group         0x0000000000000000        0x8 obj/Debug/core/Settings.o
 .group         0x0000000000000000        0x8 obj/Debug/core/Settings.o

Memory Configuration

Name             Origin             Length             Attributes
text             0x0000000000000000 0x0000000000002000 xr
data             0x0000000000800060 0x000000000000ffa0 rw !x
eeprom           0x0000000000810000 0x0000000000010000 rw !x
fuse             0x0000000000820000 0x0000000000000002 rw !x
lock             0x0000000000830000 0x0000000000000400 rw !x
signature        0x0000000000840000 0x0000000000000400 rw !x
user_signatures  0x0000000000850000 0x0000000000000400 rw !x
*default*        0x0000000000000000 0xffffffffffffffff

Linker script and memory map

LOAD /home/lachini/Downloads/arduino-1.8.8/hardware/tools/avr/bin/../lib/gcc/avr/5.4.0/../../../../avr/lib/avr4/crtatmega8.o
LOAD obj/Debug/hardware/atmega8/cpu/Timer2.o
LOAD obj/Debug/hardware/atmega8/cpu/Utils.o
LOAD obj/Debug/hardware/atmega8/targets/Speeno/Speeno.o
LOAD obj/Debug/core/drivers/Buzzer.o
LOAD obj/Debug/core/drivers/Time.o
LOAD obj/Debug/core/ParsRefrigerator.o
LOAD obj/Debug/core/Settings.o
LOAD /home/lachini/Downloads/arduino-1.8.8/hardware/tools/avr/bin/../lib/gcc/avr/5.4.0/avr4/libgcc.a
LOAD /home/lachini/Downloads/arduino-1.8.8/hardware/tools/avr/bin/../lib/gcc/avr/5.4.0/../../../../avr/lib/avr4/libm.a
START GROUP
LOAD /home/lachini/Downloads/arduino-1.8.8/hardware/tools/avr/bin/../lib/gcc/avr/5.4.0/avr4/libgcc.a
LOAD /home/lachini/Downloads/arduino-1.8.8/hardware/tools/avr/bin/../lib/gcc/avr/5.4.0/../../../../avr/lib/avr4/libm.a
LOAD /home/lachini/Downloads/arduino-1.8.8/hardware/tools/avr/bin/../lib/gcc/avr/5.4.0/../../../../avr/lib/avr4/libc.a
LOAD /home/lachini/Downloads/arduino-1.8.8/hardware/tools/avr/bin/../lib/gcc/avr/5.4.0/../../../../avr/lib/avr4/libatmega8.a
END GROUP
                0x0000000000002000                __TEXT_REGION_LENGTH__ = DEFINED (__TEXT_REGION_LENGTH__)?__TEXT_REGION_LENGTH__:0x2000
                0x000000000000ffa0                __DATA_REGION_LENGTH__ = DEFINED (__DATA_REGION_LENGTH__)?__DATA_REGION_LENGTH__:0xffa0
                0x0000000000010000                __EEPROM_REGION_LENGTH__ = DEFINED (__EEPROM_REGION_LENGTH__)?__EEPROM_REGION_LENGTH__:0x10000
                [0x0000000000000002]                __FUSE_REGION_LENGTH__ = DEFINED (__FUSE_REGION_LENGTH__)?__FUSE_REGION_LENGTH__:0x400
                0x0000000000000400                __LOCK_REGION_LENGTH__ = DEFINED (__LOCK_REGION_LENGTH__)?__LOCK_REGION_LENGTH__:0x400
                0x0000000000000400                __SIGNATURE_REGION_LENGTH__ = DEFINED (__SIGNATURE_REGION_LENGTH__)?__SIGNATURE_REGION_LENGTH__:0x400
                0x0000000000000400                __USER_SIGNATURE_REGION_LENGTH__ = DEFINED (__USER_SIGNATURE_REGION_LENGTH__)?__USER_SIGNATURE_REGION_LENGTH__:0x400

.hash
 *(.hash)

.dynsym
 *(.dynsym)

.dynstr
 *(.dynstr)

.gnu.version
 *(.gnu.version)

.gnu.version_d
 *(.gnu.version_d)

.gnu.version_r
 *(.gnu.version_r)

.rel.init
 *(.rel.init)

.rela.init
 *(.rela.init)

.rel.text
 *(.rel.text)
 *(.rel.text.*)
 *(.rel.gnu.linkonce.t*)

.rela.text
 *(.rela.text)
 *(.rela.text.*)
 *(.rela.gnu.linkonce.t*)

.rel.fini
 *(.rel.fini)

.rela.fini
 *(.rela.fini)

.rel.rodata
 *(.rel.rodata)
 *(.rel.rodata.*)
 *(.rel.gnu.linkonce.r*)

.rela.rodata
 *(.rela.rodata)
 *(.rela.rodata.*)
 *(.rela.gnu.linkonce.r*)

.rel.data
 *(.rel.data)
 *(.rel.data.*)
 *(.rel.gnu.linkonce.d*)

.rela.data
 *(.rela.data)
 *(.rela.data.*)
 *(.rela.gnu.linkonce.d*)

.rel.ctors
 *(.rel.ctors)

.rela.ctors
 *(.rela.ctors)

.rel.dtors
 *(.rel.dtors)

.rela.dtors
 *(.rela.dtors)

.rel.got
 *(.rel.got)

.rela.got
 *(.rela.got)

.rel.bss
 *(.rel.bss)

.rela.bss
 *(.rela.bss)

.rel.plt
 *(.rel.plt)

.rela.plt
 *(.rela.plt)

.text           0x0000000000000000     0x1f46
 *(.vectors)
 .vectors       0x0000000000000000       0x26 /home/lachini/Downloads/arduino-1.8.8/hardware/tools/avr/bin/../lib/gcc/avr/5.4.0/../../../../avr/lib/avr4/crtatmega8.o
                0x0000000000000000                __vectors
                0x0000000000000000                __vector_default
 *(.vectors)
 *(.progmem.gcc*)
 .progmem.gcc_sw_table
                0x0000000000000026      0x400 obj/Debug/hardware/atmega8/targets/Speeno/Speeno.o
 .progmem.gcc_sw_table
                0x0000000000000426       0x10 obj/Debug/core/drivers/Buzzer.o
                0x0000000000000436                . = ALIGN (0x2)
                0x0000000000000436                __trampolines_start = .
 *(.trampolines)
 .trampolines   0x0000000000000436        0x0 linker stubs
 *(.trampolines*)
                0x0000000000000436                __trampolines_end = .
 *libprintf_flt.a:*(.progmem.data)
 *libc.a:*(.progmem.data)
 *(.progmem*)
 .progmem.data  0x0000000000000436       0x38 obj/Debug/core/Settings.o
                0x000000000000045a                _ZN8Settings14UARTSpeedValueE
                0x000000000000046e                . = ALIGN (0x2)
 *(.jumptables)
 *(.jumptables*)
 *(.lowtext)
 *(.lowtext*)
                0x000000000000046e                __ctors_start = .
 *(.ctors)
                0x000000000000046e                __ctors_end = .
                0x000000000000046e                __dtors_start = .
 *(.dtors)
                0x000000000000046e                __dtors_end = .
 SORT(*)(.ctors)
 SORT(*)(.dtors)
 *(.init0)
 .init0         0x000000000000046e        0x0 /home/lachini/Downloads/arduino-1.8.8/hardware/tools/avr/bin/../lib/gcc/avr/5.4.0/../../../../avr/lib/avr4/crtatmega8.o
                0x000000000000046e                __init
 *(.init0)
 *(.init1)
 *(.init1)
 *(.init2)
 .init2         0x000000000000046e        0xc /home/lachini/Downloads/arduino-1.8.8/hardware/tools/avr/bin/../lib/gcc/avr/5.4.0/../../../../avr/lib/avr4/crtatmega8.o
 *(.init2)
 *(.init3)
 *(.init3)
 *(.init4)
 .init4         0x000000000000047a       0x16 /home/lachini/Downloads/arduino-1.8.8/hardware/tools/avr/bin/../lib/gcc/avr/5.4.0/avr4/libgcc.a(_copy_data.o)
                0x000000000000047a                __do_copy_data
 .init4         0x0000000000000490       0x10 /home/lachini/Downloads/arduino-1.8.8/hardware/tools/avr/bin/../lib/gcc/avr/5.4.0/avr4/libgcc.a(_clear_bss.o)
                0x0000000000000490                __do_clear_bss
 *(.init4)
 *(.init5)
 *(.init5)
 *(.init6)
 *(.init6)
 *(.init7)
 *(.init7)
 *(.init8)
 *(.init8)
 *(.init9)
 .init9         0x00000000000004a0        0x4 /home/lachini/Downloads/arduino-1.8.8/hardware/tools/avr/bin/../lib/gcc/avr/5.4.0/../../../../avr/lib/avr4/crtatmega8.o
 *(.init9)
 *(.text)
 .text          0x00000000000004a4        0x2 /home/lachini/Downloads/arduino-1.8.8/hardware/tools/avr/bin/../lib/gcc/avr/5.4.0/../../../../avr/lib/avr4/crtatmega8.o
                0x00000000000004a4                __vector_1
                0x00000000000004a4                __vector_12
                0x00000000000004a4                __bad_interrupt
                0x00000000000004a4                __vector_6
                0x00000000000004a4                __vector_11
                0x00000000000004a4                __vector_13
                0x00000000000004a4                __vector_17
                0x00000000000004a4                __vector_7
                0x00000000000004a4                __vector_5
                0x00000000000004a4                __vector_4
                0x00000000000004a4                __vector_9
                0x00000000000004a4                __vector_2
                0x00000000000004a4                __vector_15
                0x00000000000004a4                __vector_8
                0x00000000000004a4                __vector_14
                0x00000000000004a4                __vector_10
                0x00000000000004a4                __vector_16
                0x00000000000004a4                __vector_18
 .text          0x00000000000004a6       0xa8 obj/Debug/hardware/atmega8/cpu/Timer2.o
                0x00000000000004a6                __vector_3
                0x00000000000004fe                _ZN4Time10initializeEv
 .text          0x000000000000054e      0x388 obj/Debug/hardware/atmega8/cpu/Utils.o
                0x000000000000054e                _ZN5Utils20delayTenMicrosecondsEj
                0x0000000000000780                _ZN5Utils17delayMicrosecondsEj
                0x00000000000007b4                _ZN5Utils17delayMillisecondsEj
 .text          0x00000000000008d6      0x760 obj/Debug/hardware/atmega8/targets/Speeno/Speeno.o
                0x00000000000008d6                _ZN8hardware13getKeyPressedEv
                0x00000000000008e6                _ZN8hardware14initializePinsEv
                0x0000000000000f20                _ZN8hardware10initializeEv
                0x0000000000000f30                _ZN8hardware9setBuzzerEh
 .text          0x0000000000001036      0x57e obj/Debug/core/drivers/Buzzer.o
                0x0000000000001036                _ZN6Buzzer5soundENS_9SoundTypeE
                0x000000000000108c                _ZN6Buzzer8soundOffEv
                0x00000000000010a8                _ZN6Buzzer14soundIfSilenceENS_9SoundTypeE
                0x00000000000010d4                _ZN6Buzzer5beginEv
                0x00000000000010ee                _ZN6Buzzer6doIdleEv
                0x0000000000001142                _ZN6Buzzer8getSoundEj
                0x00000000000011cc                _Z4waveih
                0x0000000000001234                _ZN6Buzzer6getOffEj
                0x000000000000124e                _ZN6Buzzer6setOffEv
                0x0000000000001260                _ZN6Buzzer11getKeyboardEj
                0x0000000000001298                _ZN6Buzzer9getSelectEj
                0x00000000000012ee                _ZN6Buzzer7getInfoEj
                0x000000000000135a                _ZN6Buzzer7getSaveEj
                0x00000000000013aa                _ZN6Buzzer15getStartProgramEj
                0x00000000000013c8                _ZN6Buzzer18getProgramCompleteEj
                0x0000000000001478                _ZN6Buzzer19getReversedPolarityEj
                0x0000000000001504                _ZN6Buzzer8getErrorEj
 .text          0x00000000000015b4      0x24e obj/Debug/core/drivers/Time.o
                0x00000000000015f0                _ZN4Time13getInterruptsEv
                0x0000000000001652                _ZN4Time6doIdleEv
                0x0000000000001662                _ZN4Time8callbackEv
                0x0000000000001694                _ZN4Time14getMilisecondsEv
                0x00000000000016e0                _ZN4Time17getMilisecondsU16Ev
                0x00000000000016f4                _ZN4Time16getInterruptsU16Ev
                0x0000000000001708                _ZN4Time10getSecondsEv
                0x0000000000001732                _ZN4Time13getSecondsU16Ev
                0x0000000000001746                _ZN4Time13getMinutesU16Ev
                0x000000000000176c                _ZN4Time5delayEj
                0x00000000000017b4                _ZN4Time11delayDoIdleEj
 .text          0x0000000000001802       0x2e obj/Debug/core/ParsRefrigerator.o
                0x0000000000001802                setup
                0x000000000000181c                main
 .text          0x0000000000001830      0x1b4 obj/Debug/core/Settings.o
                0x0000000000001830                _ZNK8Settings12getUARTspeedEv
                0x0000000000001868                _ZN8Settings4loadEv
                0x000000000000187e                _ZN8Settings4saveEv
                0x0000000000001894                _ZN8Settings10setDefaultEv
                0x00000000000018b8                _ZN8Settings14restoreDefaultEv
                0x00000000000018d0                _ZN8Settings5checkEv
                0x0000000000001960                _ZN8Settings5applyEv
 .text          0x00000000000019e4        0x0 /home/lachini/Downloads/arduino-1.8.8/hardware/tools/avr/bin/../lib/gcc/avr/5.4.0/avr4/libgcc.a(_udivmodsi4.o)
 .text          0x00000000000019e4        0x0 /home/lachini/Downloads/arduino-1.8.8/hardware/tools/avr/bin/../lib/gcc/avr/5.4.0/avr4/libgcc.a(_exit.o)
 .text          0x00000000000019e4        0x0 /home/lachini/Downloads/arduino-1.8.8/hardware/tools/avr/bin/../lib/gcc/avr/5.4.0/avr4/libgcc.a(_copy_data.o)
 .text          0x00000000000019e4        0x0 /home/lachini/Downloads/arduino-1.8.8/hardware/tools/avr/bin/../lib/gcc/avr/5.4.0/avr4/libgcc.a(_clear_bss.o)
 .text          0x00000000000019e4        0x0 /home/lachini/Downloads/arduino-1.8.8/hardware/tools/avr/bin/../lib/gcc/avr/5.4.0/avr4/libgcc.a(_umulhisi3.o)
 .text          0x00000000000019e4        0x0 /home/lachini/Downloads/arduino-1.8.8/hardware/tools/avr/bin/../lib/gcc/avr/5.4.0/../../../../avr/lib/avr4/libm.a(addsf3.o)
 .text          0x00000000000019e4        0x0 /home/lachini/Downloads/arduino-1.8.8/hardware/tools/avr/bin/../lib/gcc/avr/5.4.0/../../../../avr/lib/avr4/libm.a(addsf3x.o)
 .text          0x00000000000019e4        0x0 /home/lachini/Downloads/arduino-1.8.8/hardware/tools/avr/bin/../lib/gcc/avr/5.4.0/../../../../avr/lib/avr4/libm.a(cmpsf2.o)
 .text          0x00000000000019e4        0x0 /home/lachini/Downloads/arduino-1.8.8/hardware/tools/avr/bin/../lib/gcc/avr/5.4.0/../../../../avr/lib/avr4/libm.a(divsf3.o)
 .text          0x00000000000019e4        0x0 /home/lachini/Downloads/arduino-1.8.8/hardware/tools/avr/bin/../lib/gcc/avr/5.4.0/../../../../avr/lib/avr4/libm.a(divsf3x.o)
 .text          0x00000000000019e4        0x0 /home/lachini/Downloads/arduino-1.8.8/hardware/tools/avr/bin/../lib/gcc/avr/5.4.0/../../../../avr/lib/avr4/libm.a(fixunssfsi.o)
 .text          0x00000000000019e4        0x0 /home/lachini/Downloads/arduino-1.8.8/hardware/tools/avr/bin/../lib/gcc/avr/5.4.0/../../../../avr/lib/avr4/libm.a(fp_cmp.o)
 .text          0x00000000000019e4        0x0 /home/lachini/Downloads/arduino-1.8.8/hardware/tools/avr/bin/../lib/gcc/avr/5.4.0/../../../../avr/lib/avr4/libm.a(fp_inf.o)
 .text          0x00000000000019e4        0x0 /home/lachini/Downloads/arduino-1.8.8/hardware/tools/avr/bin/../lib/gcc/avr/5.4.0/../../../../avr/lib/avr4/libm.a(fp_nan.o)
 .text          0x00000000000019e4        0x0 /home/lachini/Downloads/arduino-1.8.8/hardware/tools/avr/bin/../lib/gcc/avr/5.4.0/../../../../avr/lib/avr4/libm.a(fp_pscA.o)
 .text          0x00000000000019e4        0x0 /home/lachini/Downloads/arduino-1.8.8/hardware/tools/avr/bin/../lib/gcc/avr/5.4.0/../../../../avr/lib/avr4/libm.a(fp_pscB.o)
 .text          0x00000000000019e4        0x0 /home/lachini/Downloads/arduino-1.8.8/hardware/tools/avr/bin/../lib/gcc/avr/5.4.0/../../../../avr/lib/avr4/libm.a(fp_round.o)
 .text          0x00000000000019e4        0x0 /home/lachini/Downloads/arduino-1.8.8/hardware/tools/avr/bin/../lib/gcc/avr/5.4.0/../../../../avr/lib/avr4/libm.a(fp_split3.o)
 .text          0x00000000000019e4        0x0 /home/lachini/Downloads/arduino-1.8.8/hardware/tools/avr/bin/../lib/gcc/avr/5.4.0/../../../../avr/lib/avr4/libm.a(fp_zero.o)
 .text          0x00000000000019e4        0x0 /home/lachini/Downloads/arduino-1.8.8/hardware/tools/avr/bin/../lib/gcc/avr/5.4.0/../../../../avr/lib/avr4/libm.a(gesf2.o)
 .text          0x00000000000019e4        0x0 /home/lachini/Downloads/arduino-1.8.8/hardware/tools/avr/bin/../lib/gcc/avr/5.4.0/../../../../avr/lib/avr4/libm.a(mulsf3.o)
 .text          0x00000000000019e4        0x0 /home/lachini/Downloads/arduino-1.8.8/hardware/tools/avr/bin/../lib/gcc/avr/5.4.0/../../../../avr/lib/avr4/libm.a(mulsf3x.o)
 .text          0x00000000000019e4        0x0 /home/lachini/Downloads/arduino-1.8.8/hardware/tools/avr/bin/../lib/gcc/avr/5.4.0/../../../../avr/lib/avr4/libc.a(memcpy_P.o)
                0x00000000000019e4                . = ALIGN (0x2)
 *(.text.*)
 .text._ZN4Time7diffU16Ejj
                0x00000000000019e4       0x32 obj/Debug/core/drivers/Buzzer.o
                0x00000000000019e4                _ZN4Time7diffU16Ejj
 .text._ZN4Time11doInterruptEv
                0x0000000000001a16       0x36 obj/Debug/core/drivers/Time.o
                0x0000000000001a16                _ZN4Time11doInterruptEv
 .text._ZN6Buzzer17soundStartProgramEv
                0x0000000000001a4c       0x16 obj/Debug/core/ParsRefrigerator.o
                0x0000000000001a4c                _ZN6Buzzer17soundStartProgramEv
 .text._ZN3cpu4initEv
                0x0000000000001a62       0x12 obj/Debug/core/ParsRefrigerator.o
                0x0000000000001a62                _ZN3cpu4initEv
 .text._ZN3pgm9read_implImLi4EEclEPKm
                0x0000000000001a74       0x70 obj/Debug/core/Settings.o
                0x0000000000001a74                _ZN3pgm9read_implImLi4EEclEPKm
 .text._ZN3pgm9read_implI8SettingsLi36EEclERS1_PKS1_
                0x0000000000001ae4       0x3e obj/Debug/core/Settings.o
                0x0000000000001ae4                _ZN3pgm9read_implI8SettingsLi36EEclERS1_PKS1_
 .text.libgcc.mul
                0x0000000000001b22        0x0 /home/lachini/Downloads/arduino-1.8.8/hardware/tools/avr/bin/../lib/gcc/avr/5.4.0/avr4/libgcc.a(_udivmodsi4.o)
 .text.libgcc.div
                0x0000000000001b22       0x44 /home/lachini/Downloads/arduino-1.8.8/hardware/tools/avr/bin/../lib/gcc/avr/5.4.0/avr4/libgcc.a(_udivmodsi4.o)
                0x0000000000001b22                __udivmodsi4
 .text.libgcc   0x0000000000001b66        0x0 /home/lachini/Downloads/arduino-1.8.8/hardware/tools/avr/bin/../lib/gcc/avr/5.4.0/avr4/libgcc.a(_udivmodsi4.o)
 .text.libgcc.prologue
                0x0000000000001b66        0x0 /home/lachini/Downloads/arduino-1.8.8/hardware/tools/avr/bin/../lib/gcc/avr/5.4.0/avr4/libgcc.a(_udivmodsi4.o)
 .text.libgcc.builtins
                0x0000000000001b66        0x0 /home/lachini/Downloads/arduino-1.8.8/hardware/tools/avr/bin/../lib/gcc/avr/5.4.0/avr4/libgcc.a(_udivmodsi4.o)
 .text.libgcc.fmul
                0x0000000000001b66        0x0 /home/lachini/Downloads/arduino-1.8.8/hardware/tools/avr/bin/../lib/gcc/avr/5.4.0/avr4/libgcc.a(_udivmodsi4.o)
 .text.libgcc.fixed
                0x0000000000001b66        0x0 /home/lachini/Downloads/arduino-1.8.8/hardware/tools/avr/bin/../lib/gcc/avr/5.4.0/avr4/libgcc.a(_udivmodsi4.o)
 .text.libgcc.mul
                0x0000000000001b66        0x0 /home/lachini/Downloads/arduino-1.8.8/hardware/tools/avr/bin/../lib/gcc/avr/5.4.0/avr4/libgcc.a(_exit.o)
 .text.libgcc.div
                0x0000000000001b66        0x0 /home/lachini/Downloads/arduino-1.8.8/hardware/tools/avr/bin/../lib/gcc/avr/5.4.0/avr4/libgcc.a(_exit.o)
 .text.libgcc   0x0000000000001b66        0x0 /home/lachini/Downloads/arduino-1.8.8/hardware/tools/avr/bin/../lib/gcc/avr/5.4.0/avr4/libgcc.a(_exit.o)
 .text.libgcc.prologue
                0x0000000000001b66        0x0 /home/lachini/Downloads/arduino-1.8.8/hardware/tools/avr/bin/../lib/gcc/avr/5.4.0/avr4/libgcc.a(_exit.o)
 .text.libgcc.builtins
                0x0000000000001b66        0x0 /home/lachini/Downloads/arduino-1.8.8/hardware/tools/avr/bin/../lib/gcc/avr/5.4.0/avr4/libgcc.a(_exit.o)
 .text.libgcc.fmul
                0x0000000000001b66        0x0 /home/lachini/Downloads/arduino-1.8.8/hardware/tools/avr/bin/../lib/gcc/avr/5.4.0/avr4/libgcc.a(_exit.o)
 .text.libgcc.fixed
                0x0000000000001b66        0x0 /home/lachini/Downloads/arduino-1.8.8/hardware/tools/avr/bin/../lib/gcc/avr/5.4.0/avr4/libgcc.a(_exit.o)
 .text.libgcc.mul
                0x0000000000001b66        0x0 /home/lachini/Downloads/arduino-1.8.8/hardware/tools/avr/bin/../lib/gcc/avr/5.4.0/avr4/libgcc.a(_copy_data.o)
 .text.libgcc.div
                0x0000000000001b66        0x0 /home/lachini/Downloads/arduino-1.8.8/hardware/tools/avr/bin/../lib/gcc/avr/5.4.0/avr4/libgcc.a(_copy_data.o)
 .text.libgcc   0x0000000000001b66        0x0 /home/lachini/Downloads/arduino-1.8.8/hardware/tools/avr/bin/../lib/gcc/avr/5.4.0/avr4/libgcc.a(_copy_data.o)
 .text.libgcc.prologue
                0x0000000000001b66        0x0 /home/lachini/Downloads/arduino-1.8.8/hardware/tools/avr/bin/../lib/gcc/avr/5.4.0/avr4/libgcc.a(_copy_data.o)
 .text.libgcc.builtins
                0x0000000000001b66        0x0 /home/lachini/Downloads/arduino-1.8.8/hardware/tools/avr/bin/../lib/gcc/avr/5.4.0/avr4/libgcc.a(_copy_data.o)
 .text.libgcc.fmul
                0x0000000000001b66        0x0 /home/lachini/Downloads/arduino-1.8.8/hardware/tools/avr/bin/../lib/gcc/avr/5.4.0/avr4/libgcc.a(_copy_data.o)
 .text.libgcc.fixed
                0x0000000000001b66        0x0 /home/lachini/Downloads/arduino-1.8.8/hardware/tools/avr/bin/../lib/gcc/avr/5.4.0/avr4/libgcc.a(_copy_data.o)
 .text.libgcc.mul
                0x0000000000001b66        0x0 /home/lachini/Downloads/arduino-1.8.8/hardware/tools/avr/bin/../lib/gcc/avr/5.4.0/avr4/libgcc.a(_clear_bss.o)
 .text.libgcc.div
                0x0000000000001b66        0x0 /home/lachini/Downloads/arduino-1.8.8/hardware/tools/avr/bin/../lib/gcc/avr/5.4.0/avr4/libgcc.a(_clear_bss.o)
 .text.libgcc   0x0000000000001b66        0x0 /home/lachini/Downloads/arduino-1.8.8/hardware/tools/avr/bin/../lib/gcc/avr/5.4.0/avr4/libgcc.a(_clear_bss.o)
 .text.libgcc.prologue
                0x0000000000001b66        0x0 /home/lachini/Downloads/arduino-1.8.8/hardware/tools/avr/bin/../lib/gcc/avr/5.4.0/avr4/libgcc.a(_clear_bss.o)
 .text.libgcc.builtins
                0x0000000000001b66        0x0 /home/lachini/Downloads/arduino-1.8.8/hardware/tools/avr/bin/../lib/gcc/avr/5.4.0/avr4/libgcc.a(_clear_bss.o)
 .text.libgcc.fmul
                0x0000000000001b66        0x0 /home/lachini/Downloads/arduino-1.8.8/hardware/tools/avr/bin/../lib/gcc/avr/5.4.0/avr4/libgcc.a(_clear_bss.o)
 .text.libgcc.fixed
                0x0000000000001b66        0x0 /home/lachini/Downloads/arduino-1.8.8/hardware/tools/avr/bin/../lib/gcc/avr/5.4.0/avr4/libgcc.a(_clear_bss.o)
 .text.libgcc.mul
                0x0000000000001b66       0x18 /home/lachini/Downloads/arduino-1.8.8/hardware/tools/avr/bin/../lib/gcc/avr/5.4.0/avr4/libgcc.a(_umulhisi3.o)
                0x0000000000001b66                __umulhisi3
 .text.libgcc.div
                0x0000000000001b7e        0x0 /home/lachini/Downloads/arduino-1.8.8/hardware/tools/avr/bin/../lib/gcc/avr/5.4.0/avr4/libgcc.a(_umulhisi3.o)
 .text.libgcc   0x0000000000001b7e        0x0 /home/lachini/Downloads/arduino-1.8.8/hardware/tools/avr/bin/../lib/gcc/avr/5.4.0/avr4/libgcc.a(_umulhisi3.o)
 .text.libgcc.prologue
                0x0000000000001b7e        0x0 /home/lachini/Downloads/arduino-1.8.8/hardware/tools/avr/bin/../lib/gcc/avr/5.4.0/avr4/libgcc.a(_umulhisi3.o)
 .text.libgcc.builtins
                0x0000000000001b7e        0x0 /home/lachini/Downloads/arduino-1.8.8/hardware/tools/avr/bin/../lib/gcc/avr/5.4.0/avr4/libgcc.a(_umulhisi3.o)
 .text.libgcc.fmul
                0x0000000000001b7e        0x0 /home/lachini/Downloads/arduino-1.8.8/hardware/tools/avr/bin/../lib/gcc/avr/5.4.0/avr4/libgcc.a(_umulhisi3.o)
 .text.libgcc.fixed
                0x0000000000001b7e        0x0 /home/lachini/Downloads/arduino-1.8.8/hardware/tools/avr/bin/../lib/gcc/avr/5.4.0/avr4/libgcc.a(_umulhisi3.o)
 .text.avr-libc.fplib
                0x0000000000001b7e        0xa /home/lachini/Downloads/arduino-1.8.8/hardware/tools/avr/bin/../lib/gcc/avr/5.4.0/../../../../avr/lib/avr4/libm.a(addsf3.o)
                0x0000000000001b7e                __subsf3
                0x0000000000001b80                __addsf3
 .text.avr-libc.fplib
                0x0000000000001b88       0xc0 /home/lachini/Downloads/arduino-1.8.8/hardware/tools/avr/bin/../lib/gcc/avr/5.4.0/../../../../avr/lib/avr4/libm.a(addsf3x.o)
                0x0000000000001ba2                __addsf3x
 .text.avr-libc.fplib
                0x0000000000001c48        0x8 /home/lachini/Downloads/arduino-1.8.8/hardware/tools/avr/bin/../lib/gcc/avr/5.4.0/../../../../avr/lib/avr4/libm.a(cmpsf2.o)
                0x0000000000001c48                __lesf2
                0x0000000000001c48                __nesf2
                0x0000000000001c48                __eqsf2
                0x0000000000001c48                __cmpsf2
                0x0000000000001c48                __ltsf2
 .text.avr-libc.fplib
                0x0000000000001c50        0x4 /home/lachini/Downloads/arduino-1.8.8/hardware/tools/avr/bin/../lib/gcc/avr/5.4.0/../../../../avr/lib/avr4/libm.a(divsf3.o)
                0x0000000000001c50                __divsf3
 .text.avr-libc.fplib
                0x0000000000001c54       0xcc /home/lachini/Downloads/arduino-1.8.8/hardware/tools/avr/bin/../lib/gcc/avr/5.4.0/../../../../avr/lib/avr4/libm.a(divsf3x.o)
                0x0000000000001c6a                __divsf3x
                0x0000000000001c6e                __divsf3_pse
 .text.avr-libc.fplib
                0x0000000000001d20       0x58 /home/lachini/Downloads/arduino-1.8.8/hardware/tools/avr/bin/../lib/gcc/avr/5.4.0/../../../../avr/lib/avr4/libm.a(fixunssfsi.o)
                0x0000000000001d20                __fixunssfsi
 .text.avr-libc.fplib
                0x0000000000001d78       0x48 /home/lachini/Downloads/arduino-1.8.8/hardware/tools/avr/bin/../lib/gcc/avr/5.4.0/../../../../avr/lib/avr4/libm.a(fp_cmp.o)
                0x0000000000001d78                __fp_cmp
 .text.avr-libc.fplib
                0x0000000000001dc0        0xc /home/lachini/Downloads/arduino-1.8.8/hardware/tools/avr/bin/../lib/gcc/avr/5.4.0/../../../../avr/lib/avr4/libm.a(fp_inf.o)
                0x0000000000001dc0                __fp_inf
 .text.avr-libc.fplib
                0x0000000000001dcc        0x6 /home/lachini/Downloads/arduino-1.8.8/hardware/tools/avr/bin/../lib/gcc/avr/5.4.0/../../../../avr/lib/avr4/libm.a(fp_nan.o)
                0x0000000000001dcc                __fp_nan
 .text.avr-libc.fplib
                0x0000000000001dd2        0xe /home/lachini/Downloads/arduino-1.8.8/hardware/tools/avr/bin/../lib/gcc/avr/5.4.0/../../../../avr/lib/avr4/libm.a(fp_pscA.o)
                0x0000000000001dd2                __fp_pscA
 .text.avr-libc.fplib
                0x0000000000001de0        0xe /home/lachini/Downloads/arduino-1.8.8/hardware/tools/avr/bin/../lib/gcc/avr/5.4.0/../../../../avr/lib/avr4/libm.a(fp_pscB.o)
                0x0000000000001de0                __fp_pscB
 .text.avr-libc.fplib
                0x0000000000001dee       0x22 /home/lachini/Downloads/arduino-1.8.8/hardware/tools/avr/bin/../lib/gcc/avr/5.4.0/../../../../avr/lib/avr4/libm.a(fp_round.o)
                0x0000000000001dee                __fp_round
 .text.avr-libc.fplib
                0x0000000000001e10       0x44 /home/lachini/Downloads/arduino-1.8.8/hardware/tools/avr/bin/../lib/gcc/avr/5.4.0/../../../../avr/lib/avr4/libm.a(fp_split3.o)
                0x0000000000001e10                __fp_split3
                0x0000000000001e20                __fp_splitA
 .text.avr-libc.fplib
                0x0000000000001e54        0xe /home/lachini/Downloads/arduino-1.8.8/hardware/tools/avr/bin/../lib/gcc/avr/5.4.0/../../../../avr/lib/avr4/libm.a(fp_zero.o)
                0x0000000000001e54                __fp_zero
                0x0000000000001e56                __fp_szero
 .text.avr-libc.fplib
                0x0000000000001e62        0x8 /home/lachini/Downloads/arduino-1.8.8/hardware/tools/avr/bin/../lib/gcc/avr/5.4.0/../../../../avr/lib/avr4/libm.a(gesf2.o)
                0x0000000000001e62                __gtsf2
                0x0000000000001e62                __gesf2
 .text.avr-libc.fplib
                0x0000000000001e6a        0x4 /home/lachini/Downloads/arduino-1.8.8/hardware/tools/avr/bin/../lib/gcc/avr/5.4.0/../../../../avr/lib/avr4/libm.a(mulsf3.o)
                0x0000000000001e6a                __mulsf3
 .text.avr-libc.fplib
                0x0000000000001e6e       0xc2 /home/lachini/Downloads/arduino-1.8.8/hardware/tools/avr/bin/../lib/gcc/avr/5.4.0/../../../../avr/lib/avr4/libm.a(mulsf3x.o)
                0x0000000000001e82                __mulsf3x
                0x0000000000001e86                __mulsf3_pse
 .text.avr-libc
                0x0000000000001f30       0x12 /home/lachini/Downloads/arduino-1.8.8/hardware/tools/avr/bin/../lib/gcc/avr/5.4.0/../../../../avr/lib/avr4/libc.a(memcpy_P.o)
                0x0000000000001f30                memcpy_P
                0x0000000000001f42                . = ALIGN (0x2)
 *(.fini9)
 .fini9         0x0000000000001f42        0x0 /home/lachini/Downloads/arduino-1.8.8/hardware/tools/avr/bin/../lib/gcc/avr/5.4.0/avr4/libgcc.a(_exit.o)
                0x0000000000001f42                exit
                0x0000000000001f42                _exit
 *(.fini9)
 *(.fini8)
 *(.fini8)
 *(.fini7)
 *(.fini7)
 *(.fini6)
 *(.fini6)
 *(.fini5)
 *(.fini5)
 *(.fini4)
 *(.fini4)
 *(.fini3)
 *(.fini3)
 *(.fini2)
 *(.fini2)
 *(.fini1)
 *(.fini1)
 *(.fini0)
 .fini0         0x0000000000001f42        0x4 /home/lachini/Downloads/arduino-1.8.8/hardware/tools/avr/bin/../lib/gcc/avr/5.4.0/avr4/libgcc.a(_exit.o)
 *(.fini0)
                0x0000000000001f46                _etext = .

.data           0x0000000000800060        0xe load address 0x0000000000001f46
                0x0000000000800060                PROVIDE (__data_start, .)
 *(.data)
 .data          0x0000000000800060        0x0 /home/lachini/Downloads/arduino-1.8.8/hardware/tools/avr/bin/../lib/gcc/avr/5.4.0/../../../../avr/lib/avr4/crtatmega8.o
 .data          0x0000000000800060        0x0 obj/Debug/hardware/atmega8/cpu/Timer2.o
 .data          0x0000000000800060        0x0 obj/Debug/hardware/atmega8/cpu/Utils.o
 .data          0x0000000000800060        0x0 obj/Debug/hardware/atmega8/targets/Speeno/Speeno.o
 .data          0x0000000000800060        0x0 obj/Debug/core/drivers/Buzzer.o
 .data          0x0000000000800060        0x1 obj/Debug/core/drivers/Time.o
 .data          0x0000000000800061        0x0 obj/Debug/core/ParsRefrigerator.o
 .data          0x0000000000800061        0x0 obj/Debug/core/Settings.o
 .data          0x0000000000800061        0x0 /home/lachini/Downloads/arduino-1.8.8/hardware/tools/avr/bin/../lib/gcc/avr/5.4.0/avr4/libgcc.a(_udivmodsi4.o)
 .data          0x0000000000800061        0x0 /home/lachini/Downloads/arduino-1.8.8/hardware/tools/avr/bin/../lib/gcc/avr/5.4.0/avr4/libgcc.a(_exit.o)
 .data          0x0000000000800061        0x0 /home/lachini/Downloads/arduino-1.8.8/hardware/tools/avr/bin/../lib/gcc/avr/5.4.0/avr4/libgcc.a(_copy_data.o)
 .data          0x0000000000800061        0x0 /home/lachini/Downloads/arduino-1.8.8/hardware/tools/avr/bin/../lib/gcc/avr/5.4.0/avr4/libgcc.a(_clear_bss.o)
 .data          0x0000000000800061        0x0 /home/lachini/Downloads/arduino-1.8.8/hardware/tools/avr/bin/../lib/gcc/avr/5.4.0/avr4/libgcc.a(_umulhisi3.o)
 .data          0x0000000000800061        0x0 /home/lachini/Downloads/arduino-1.8.8/hardware/tools/avr/bin/../lib/gcc/avr/5.4.0/../../../../avr/lib/avr4/libm.a(addsf3.o)
 .data          0x0000000000800061        0x0 /home/lachini/Downloads/arduino-1.8.8/hardware/tools/avr/bin/../lib/gcc/avr/5.4.0/../../../../avr/lib/avr4/libm.a(addsf3x.o)
 .data          0x0000000000800061        0x0 /home/lachini/Downloads/arduino-1.8.8/hardware/tools/avr/bin/../lib/gcc/avr/5.4.0/../../../../avr/lib/avr4/libm.a(cmpsf2.o)
 .data          0x0000000000800061        0x0 /home/lachini/Downloads/arduino-1.8.8/hardware/tools/avr/bin/../lib/gcc/avr/5.4.0/../../../../avr/lib/avr4/libm.a(divsf3.o)
 .data          0x0000000000800061        0x0 /home/lachini/Downloads/arduino-1.8.8/hardware/tools/avr/bin/../lib/gcc/avr/5.4.0/../../../../avr/lib/avr4/libm.a(divsf3x.o)
 .data          0x0000000000800061        0x0 /home/lachini/Downloads/arduino-1.8.8/hardware/tools/avr/bin/../lib/gcc/avr/5.4.0/../../../../avr/lib/avr4/libm.a(fixunssfsi.o)
 .data          0x0000000000800061        0x0 /home/lachini/Downloads/arduino-1.8.8/hardware/tools/avr/bin/../lib/gcc/avr/5.4.0/../../../../avr/lib/avr4/libm.a(fp_cmp.o)
 .data          0x0000000000800061        0x0 /home/lachini/Downloads/arduino-1.8.8/hardware/tools/avr/bin/../lib/gcc/avr/5.4.0/../../../../avr/lib/avr4/libm.a(fp_inf.o)
 .data          0x0000000000800061        0x0 /home/lachini/Downloads/arduino-1.8.8/hardware/tools/avr/bin/../lib/gcc/avr/5.4.0/../../../../avr/lib/avr4/libm.a(fp_nan.o)
 .data          0x0000000000800061        0x0 /home/lachini/Downloads/arduino-1.8.8/hardware/tools/avr/bin/../lib/gcc/avr/5.4.0/../../../../avr/lib/avr4/libm.a(fp_pscA.o)
 .data          0x0000000000800061        0x0 /home/lachini/Downloads/arduino-1.8.8/hardware/tools/avr/bin/../lib/gcc/avr/5.4.0/../../../../avr/lib/avr4/libm.a(fp_pscB.o)
 .data          0x0000000000800061        0x0 /home/lachini/Downloads/arduino-1.8.8/hardware/tools/avr/bin/../lib/gcc/avr/5.4.0/../../../../avr/lib/avr4/libm.a(fp_round.o)
 .data          0x0000000000800061        0x0 /home/lachini/Downloads/arduino-1.8.8/hardware/tools/avr/bin/../lib/gcc/avr/5.4.0/../../../../avr/lib/avr4/libm.a(fp_split3.o)
 .data          0x0000000000800061        0x0 /home/lachini/Downloads/arduino-1.8.8/hardware/tools/avr/bin/../lib/gcc/avr/5.4.0/../../../../avr/lib/avr4/libm.a(fp_zero.o)
 .data          0x0000000000800061        0x0 /home/lachini/Downloads/arduino-1.8.8/hardware/tools/avr/bin/../lib/gcc/avr/5.4.0/../../../../avr/lib/avr4/libm.a(gesf2.o)
 .data          0x0000000000800061        0x0 /home/lachini/Downloads/arduino-1.8.8/hardware/tools/avr/bin/../lib/gcc/avr/5.4.0/../../../../avr/lib/avr4/libm.a(mulsf3.o)
 .data          0x0000000000800061        0x0 /home/lachini/Downloads/arduino-1.8.8/hardware/tools/avr/bin/../lib/gcc/avr/5.4.0/../../../../avr/lib/avr4/libm.a(mulsf3x.o)
 .data          0x0000000000800061        0x0 /home/lachini/Downloads/arduino-1.8.8/hardware/tools/avr/bin/../lib/gcc/avr/5.4.0/../../../../avr/lib/avr4/libc.a(memcpy_P.o)
 *(.data*)
 *(.gnu.linkonce.d*)
 *(.rodata)
 .rodata        0x0000000000800061        0x4 obj/Debug/hardware/atmega8/cpu/Utils.o
 .rodata        0x0000000000800065        0x4 obj/Debug/core/drivers/Buzzer.o
 .rodata        0x0000000000800069        0x4 obj/Debug/core/Settings.o
 *(.rodata*)
 *(.gnu.linkonce.r*)
                0x000000000080006e                . = ALIGN (0x2)
 *fill*         0x000000000080006d        0x1 
                0x000000000080006e                _edata = .
                0x000000000080006e                PROVIDE (__data_end, .)

.bss            0x000000000080006e       0x2e
                0x000000000080006e                PROVIDE (__bss_start, .)
 *(.bss)
 .bss           0x000000000080006e        0x0 /home/lachini/Downloads/arduino-1.8.8/hardware/tools/avr/bin/../lib/gcc/avr/5.4.0/../../../../avr/lib/avr4/crtatmega8.o
 .bss           0x000000000080006e        0x0 obj/Debug/hardware/atmega8/cpu/Timer2.o
 .bss           0x000000000080006e        0x0 obj/Debug/hardware/atmega8/cpu/Utils.o
 .bss           0x000000000080006e        0x0 obj/Debug/hardware/atmega8/targets/Speeno/Speeno.o
 .bss           0x000000000080006e        0x6 obj/Debug/core/drivers/Buzzer.o
                0x000000000080006e                _ZN6Buzzer15begin_time_U16_E
                0x0000000000800070                _ZN6Buzzer11last_value_E
                0x0000000000800072                _ZN6Buzzer6sound_E
 .bss           0x0000000000800074        0x4 obj/Debug/core/drivers/Time.o
                0x0000000000800074                _ZN4Time11interrupts_E
 .bss           0x0000000000800078        0x0 obj/Debug/core/ParsRefrigerator.o
 .bss           0x0000000000800078       0x24 obj/Debug/core/Settings.o
                0x0000000000800078                settings
 .bss           0x000000000080009c        0x0 /home/lachini/Downloads/arduino-1.8.8/hardware/tools/avr/bin/../lib/gcc/avr/5.4.0/avr4/libgcc.a(_udivmodsi4.o)
 .bss           0x000000000080009c        0x0 /home/lachini/Downloads/arduino-1.8.8/hardware/tools/avr/bin/../lib/gcc/avr/5.4.0/avr4/libgcc.a(_exit.o)
 .bss           0x000000000080009c        0x0 /home/lachini/Downloads/arduino-1.8.8/hardware/tools/avr/bin/../lib/gcc/avr/5.4.0/avr4/libgcc.a(_copy_data.o)
 .bss           0x000000000080009c        0x0 /home/lachini/Downloads/arduino-1.8.8/hardware/tools/avr/bin/../lib/gcc/avr/5.4.0/avr4/libgcc.a(_clear_bss.o)
 .bss           0x000000000080009c        0x0 /home/lachini/Downloads/arduino-1.8.8/hardware/tools/avr/bin/../lib/gcc/avr/5.4.0/avr4/libgcc.a(_umulhisi3.o)
 .bss           0x000000000080009c        0x0 /home/lachini/Downloads/arduino-1.8.8/hardware/tools/avr/bin/../lib/gcc/avr/5.4.0/../../../../avr/lib/avr4/libm.a(addsf3.o)
 .bss           0x000000000080009c        0x0 /home/lachini/Downloads/arduino-1.8.8/hardware/tools/avr/bin/../lib/gcc/avr/5.4.0/../../../../avr/lib/avr4/libm.a(addsf3x.o)
 .bss           0x000000000080009c        0x0 /home/lachini/Downloads/arduino-1.8.8/hardware/tools/avr/bin/../lib/gcc/avr/5.4.0/../../../../avr/lib/avr4/libm.a(cmpsf2.o)
 .bss           0x000000000080009c        0x0 /home/lachini/Downloads/arduino-1.8.8/hardware/tools/avr/bin/../lib/gcc/avr/5.4.0/../../../../avr/lib/avr4/libm.a(divsf3.o)
 .bss           0x000000000080009c        0x0 /home/lachini/Downloads/arduino-1.8.8/hardware/tools/avr/bin/../lib/gcc/avr/5.4.0/../../../../avr/lib/avr4/libm.a(divsf3x.o)
 .bss           0x000000000080009c        0x0 /home/lachini/Downloads/arduino-1.8.8/hardware/tools/avr/bin/../lib/gcc/avr/5.4.0/../../../../avr/lib/avr4/libm.a(fixunssfsi.o)
 .bss           0x000000000080009c        0x0 /home/lachini/Downloads/arduino-1.8.8/hardware/tools/avr/bin/../lib/gcc/avr/5.4.0/../../../../avr/lib/avr4/libm.a(fp_cmp.o)
 .bss           0x000000000080009c        0x0 /home/lachini/Downloads/arduino-1.8.8/hardware/tools/avr/bin/../lib/gcc/avr/5.4.0/../../../../avr/lib/avr4/libm.a(fp_inf.o)
 .bss           0x000000000080009c        0x0 /home/lachini/Downloads/arduino-1.8.8/hardware/tools/avr/bin/../lib/gcc/avr/5.4.0/../../../../avr/lib/avr4/libm.a(fp_nan.o)
 .bss           0x000000000080009c        0x0 /home/lachini/Downloads/arduino-1.8.8/hardware/tools/avr/bin/../lib/gcc/avr/5.4.0/../../../../avr/lib/avr4/libm.a(fp_pscA.o)
 .bss           0x000000000080009c        0x0 /home/lachini/Downloads/arduino-1.8.8/hardware/tools/avr/bin/../lib/gcc/avr/5.4.0/../../../../avr/lib/avr4/libm.a(fp_pscB.o)
 .bss           0x000000000080009c        0x0 /home/lachini/Downloads/arduino-1.8.8/hardware/tools/avr/bin/../lib/gcc/avr/5.4.0/../../../../avr/lib/avr4/libm.a(fp_round.o)
 .bss           0x000000000080009c        0x0 /home/lachini/Downloads/arduino-1.8.8/hardware/tools/avr/bin/../lib/gcc/avr/5.4.0/../../../../avr/lib/avr4/libm.a(fp_split3.o)
 .bss           0x000000000080009c        0x0 /home/lachini/Downloads/arduino-1.8.8/hardware/tools/avr/bin/../lib/gcc/avr/5.4.0/../../../../avr/lib/avr4/libm.a(fp_zero.o)
 .bss           0x000000000080009c        0x0 /home/lachini/Downloads/arduino-1.8.8/hardware/tools/avr/bin/../lib/gcc/avr/5.4.0/../../../../avr/lib/avr4/libm.a(gesf2.o)
 .bss           0x000000000080009c        0x0 /home/lachini/Downloads/arduino-1.8.8/hardware/tools/avr/bin/../lib/gcc/avr/5.4.0/../../../../avr/lib/avr4/libm.a(mulsf3.o)
 .bss           0x000000000080009c        0x0 /home/lachini/Downloads/arduino-1.8.8/hardware/tools/avr/bin/../lib/gcc/avr/5.4.0/../../../../avr/lib/avr4/libm.a(mulsf3x.o)
 .bss           0x000000000080009c        0x0 /home/lachini/Downloads/arduino-1.8.8/hardware/tools/avr/bin/../lib/gcc/avr/5.4.0/../../../../avr/lib/avr4/libc.a(memcpy_P.o)
 *(.bss*)
 *(COMMON)
                0x000000000080009c                PROVIDE (__bss_end, .)
                0x0000000000001f46                __data_load_start = LOADADDR (.data)
                0x0000000000001f54                __data_load_end = (__data_load_start + SIZEOF (.data))

.noinit         0x000000000080009c        0x0
                [!provide]                        PROVIDE (__noinit_start, .)
 *(.noinit*)
                [!provide]                        PROVIDE (__noinit_end, .)
                0x000000000080009c                _end = .
                [!provide]                        PROVIDE (__heap_start, .)

.eeprom         0x0000000000810000        0x0
 *(.eeprom*)
                0x0000000000810000                __eeprom_end = .

.fuse
 *(.fuse)
 *(.lfuse)
 *(.hfuse)
 *(.efuse)

.lock
 *(.lock*)

.signature
 *(.signature*)

.user_signatures
 *(.user_signatures*)

.stab
 *(.stab)

.stabstr
 *(.stabstr)

.stab.excl
 *(.stab.excl)

.stab.exclstr
 *(.stab.exclstr)

.stab.index
 *(.stab.index)

.stab.indexstr
 *(.stab.indexstr)

.comment        0x0000000000000000       0x11
 *(.comment)
 .comment       0x0000000000000000       0x11 obj/Debug/hardware/atmega8/cpu/Timer2.o
                                         0x12 (size before relaxing)
 .comment       0x0000000000000011       0x12 obj/Debug/hardware/atmega8/cpu/Utils.o
 .comment       0x0000000000000011       0x12 obj/Debug/hardware/atmega8/targets/Speeno/Speeno.o
 .comment       0x0000000000000011       0x12 obj/Debug/core/drivers/Buzzer.o
 .comment       0x0000000000000011       0x12 obj/Debug/core/drivers/Time.o
 .comment       0x0000000000000011       0x12 obj/Debug/core/ParsRefrigerator.o
 .comment       0x0000000000000011       0x12 obj/Debug/core/Settings.o

.note.gnu.avr.deviceinfo
                0x0000000000000000       0x3c
 .note.gnu.avr.deviceinfo
                0x0000000000000000       0x3c /home/lachini/Downloads/arduino-1.8.8/hardware/tools/avr/bin/../lib/gcc/avr/5.4.0/../../../../avr/lib/avr4/crtatmega8.o

.avr.prop       0x0000000000000000       0xb3
 .avr.prop      0x0000000000000000       0x9d obj/Debug/hardware/atmega8/targets/Speeno/Speeno.o
 .avr.prop      0x000000000000009d       0x16 obj/Debug/core/drivers/Buzzer.o

.note.gnu.build-id
 *(.note.gnu.build-id)

.debug
 *(.debug)

.line
 *(.line)

.debug_srcinfo
 *(.debug_srcinfo)

.debug_sfnames
 *(.debug_sfnames)

.debug_aranges  0x0000000000000000      0x1b8
 *(.debug_aranges)
 .debug_aranges
                0x0000000000000000       0x20 obj/Debug/hardware/atmega8/cpu/Timer2.o
 .debug_aranges
                0x0000000000000020       0x20 obj/Debug/hardware/atmega8/cpu/Utils.o
 .debug_aranges
                0x0000000000000040       0x20 obj/Debug/hardware/atmega8/targets/Speeno/Speeno.o
 .debug_aranges
                0x0000000000000060       0x28 obj/Debug/core/drivers/Buzzer.o
 .debug_aranges
                0x0000000000000088       0x30 obj/Debug/core/drivers/Time.o
 .debug_aranges
                0x00000000000000b8       0x30 obj/Debug/core/ParsRefrigerator.o
 .debug_aranges
                0x00000000000000e8       0x30 obj/Debug/core/Settings.o
 .debug_aranges
                0x0000000000000118       0x20 /home/lachini/Downloads/arduino-1.8.8/hardware/tools/avr/bin/../lib/gcc/avr/5.4.0/avr4/libgcc.a(_udivmodsi4.o)
 .debug_aranges
                0x0000000000000138       0x20 /home/lachini/Downloads/arduino-1.8.8/hardware/tools/avr/bin/../lib/gcc/avr/5.4.0/avr4/libgcc.a(_exit.o)
 .debug_aranges
                0x0000000000000158       0x20 /home/lachini/Downloads/arduino-1.8.8/hardware/tools/avr/bin/../lib/gcc/avr/5.4.0/avr4/libgcc.a(_copy_data.o)
 .debug_aranges
                0x0000000000000178       0x20 /home/lachini/Downloads/arduino-1.8.8/hardware/tools/avr/bin/../lib/gcc/avr/5.4.0/avr4/libgcc.a(_clear_bss.o)
 .debug_aranges
                0x0000000000000198       0x20 /home/lachini/Downloads/arduino-1.8.8/hardware/tools/avr/bin/../lib/gcc/avr/5.4.0/avr4/libgcc.a(_umulhisi3.o)

.debug_pubnames
 *(.debug_pubnames)

.debug_info     0x0000000000000000     0x25de
 *(.debug_info .gnu.linkonce.wi.*)
 .debug_info    0x0000000000000000      0x48c /home/lachini/Downloads/arduino-1.8.8/hardware/tools/avr/bin/../lib/gcc/avr/5.4.0/../../../../avr/lib/avr4/crtatmega8.o
 .debug_info    0x000000000000048c       0x9e obj/Debug/hardware/atmega8/cpu/Timer2.o
 .debug_info    0x000000000000052a      0x383 obj/Debug/hardware/atmega8/cpu/Utils.o
 .debug_info    0x00000000000008ad      0x623 obj/Debug/hardware/atmega8/targets/Speeno/Speeno.o
 .debug_info    0x0000000000000ed0      0x811 obj/Debug/core/drivers/Buzzer.o
 .debug_info    0x00000000000016e1      0x39f obj/Debug/core/drivers/Time.o
 .debug_info    0x0000000000001a80      0x12d obj/Debug/core/ParsRefrigerator.o
 .debug_info    0x0000000000001bad      0x6da obj/Debug/core/Settings.o
 .debug_info    0x0000000000002287       0xab /home/lachini/Downloads/arduino-1.8.8/hardware/tools/avr/bin/../lib/gcc/avr/5.4.0/avr4/libgcc.a(_udivmodsi4.o)
 .debug_info    0x0000000000002332       0xab /home/lachini/Downloads/arduino-1.8.8/hardware/tools/avr/bin/../lib/gcc/avr/5.4.0/avr4/libgcc.a(_exit.o)
 .debug_info    0x00000000000023dd       0xab /home/lachini/Downloads/arduino-1.8.8/hardware/tools/avr/bin/../lib/gcc/avr/5.4.0/avr4/libgcc.a(_copy_data.o)
 .debug_info    0x0000000000002488       0xab /home/lachini/Downloads/arduino-1.8.8/hardware/tools/avr/bin/../lib/gcc/avr/5.4.0/avr4/libgcc.a(_clear_bss.o)
 .debug_info    0x0000000000002533       0xab /home/lachini/Downloads/arduino-1.8.8/hardware/tools/avr/bin/../lib/gcc/avr/5.4.0/avr4/libgcc.a(_umulhisi3.o)

.debug_abbrev   0x0000000000000000      0xf25
 *(.debug_abbrev)
 .debug_abbrev  0x0000000000000000      0x44e /home/lachini/Downloads/arduino-1.8.8/hardware/tools/avr/bin/../lib/gcc/avr/5.4.0/../../../../avr/lib/avr4/crtatmega8.o
 .debug_abbrev  0x000000000000044e       0x6f obj/Debug/hardware/atmega8/cpu/Timer2.o
 .debug_abbrev  0x00000000000004bd      0x154 obj/Debug/hardware/atmega8/cpu/Utils.o
 .debug_abbrev  0x0000000000000611      0x181 obj/Debug/hardware/atmega8/targets/Speeno/Speeno.o
 .debug_abbrev  0x0000000000000792      0x24b obj/Debug/core/drivers/Buzzer.o
 .debug_abbrev  0x00000000000009dd      0x186 obj/Debug/core/drivers/Time.o
 .debug_abbrev  0x0000000000000b63       0xc9 obj/Debug/core/ParsRefrigerator.o
 .debug_abbrev  0x0000000000000c2c      0x295 obj/Debug/core/Settings.o
 .debug_abbrev  0x0000000000000ec1       0x14 /home/lachini/Downloads/arduino-1.8.8/hardware/tools/avr/bin/../lib/gcc/avr/5.4.0/avr4/libgcc.a(_udivmodsi4.o)
 .debug_abbrev  0x0000000000000ed5       0x14 /home/lachini/Downloads/arduino-1.8.8/hardware/tools/avr/bin/../lib/gcc/avr/5.4.0/avr4/libgcc.a(_exit.o)
 .debug_abbrev  0x0000000000000ee9       0x14 /home/lachini/Downloads/arduino-1.8.8/hardware/tools/avr/bin/../lib/gcc/avr/5.4.0/avr4/libgcc.a(_copy_data.o)
 .debug_abbrev  0x0000000000000efd       0x14 /home/lachini/Downloads/arduino-1.8.8/hardware/tools/avr/bin/../lib/gcc/avr/5.4.0/avr4/libgcc.a(_clear_bss.o)
 .debug_abbrev  0x0000000000000f11       0x14 /home/lachini/Downloads/arduino-1.8.8/hardware/tools/avr/bin/../lib/gcc/avr/5.4.0/avr4/libgcc.a(_umulhisi3.o)

.debug_line     0x0000000000000000     0x1473
 *(.debug_line .debug_line.* .debug_line_end)
 .debug_line    0x0000000000000000       0x1a /home/lachini/Downloads/arduino-1.8.8/hardware/tools/avr/bin/../lib/gcc/avr/5.4.0/../../../../avr/lib/avr4/crtatmega8.o
 .debug_line    0x000000000000001a       0x98 obj/Debug/hardware/atmega8/cpu/Timer2.o
 .debug_line    0x00000000000000b2      0x299 obj/Debug/hardware/atmega8/cpu/Utils.o
 .debug_line    0x000000000000034b      0x515 obj/Debug/hardware/atmega8/targets/Speeno/Speeno.o
 .debug_line    0x0000000000000860      0x370 obj/Debug/core/drivers/Buzzer.o
 .debug_line    0x0000000000000bd0      0x287 obj/Debug/core/drivers/Time.o
 .debug_line    0x0000000000000e57       0xe9 obj/Debug/core/ParsRefrigerator.o
 .debug_line    0x0000000000000f40      0x1f3 obj/Debug/core/Settings.o
 .debug_line    0x0000000000001133      0x122 /home/lachini/Downloads/arduino-1.8.8/hardware/tools/avr/bin/../lib/gcc/avr/5.4.0/avr4/libgcc.a(_udivmodsi4.o)
 .debug_line    0x0000000000001255       0x62 /home/lachini/Downloads/arduino-1.8.8/hardware/tools/avr/bin/../lib/gcc/avr/5.4.0/avr4/libgcc.a(_exit.o)
 .debug_line    0x00000000000012b7       0x98 /home/lachini/Downloads/arduino-1.8.8/hardware/tools/avr/bin/../lib/gcc/avr/5.4.0/avr4/libgcc.a(_copy_data.o)
 .debug_line    0x000000000000134f       0x86 /home/lachini/Downloads/arduino-1.8.8/hardware/tools/avr/bin/../lib/gcc/avr/5.4.0/avr4/libgcc.a(_clear_bss.o)
 .debug_line    0x00000000000013d5       0x9e /home/lachini/Downloads/arduino-1.8.8/hardware/tools/avr/bin/../lib/gcc/avr/5.4.0/avr4/libgcc.a(_umulhisi3.o)

.debug_frame    0x0000000000000000      0x7f8
 *(.debug_frame)
 .debug_frame   0x0000000000000000       0x98 obj/Debug/hardware/atmega8/cpu/Timer2.o
 .debug_frame   0x0000000000000098       0x74 obj/Debug/hardware/atmega8/cpu/Utils.o
 .debug_frame   0x000000000000010c       0x94 obj/Debug/hardware/atmega8/targets/Speeno/Speeno.o
 .debug_frame   0x00000000000001a0      0x25c obj/Debug/core/drivers/Buzzer.o
 .debug_frame   0x00000000000003fc      0x1f4 obj/Debug/core/drivers/Time.o
 .debug_frame   0x00000000000005f0       0x94 obj/Debug/core/ParsRefrigerator.o
 .debug_frame   0x0000000000000684      0x174 obj/Debug/core/Settings.o

.debug_str      0x0000000000000000      0xf46
 *(.debug_str)
 .debug_str     0x0000000000000000      0x17a /home/lachini/Downloads/arduino-1.8.8/hardware/tools/avr/bin/../lib/gcc/avr/5.4.0/../../../../avr/lib/avr4/crtatmega8.o
 .debug_str     0x000000000000017a      0x128 obj/Debug/hardware/atmega8/cpu/Timer2.o
                                        0x15c (size before relaxing)
 .debug_str     0x00000000000002a2      0x171 obj/Debug/hardware/atmega8/cpu/Utils.o
                                        0x278 (size before relaxing)
 .debug_str     0x0000000000000413      0x1ac obj/Debug/hardware/atmega8/targets/Speeno/Speeno.o
                                        0x2cc (size before relaxing)
 .debug_str     0x00000000000005bf      0x4b7 obj/Debug/core/drivers/Buzzer.o
                                        0x67c (size before relaxing)
 .debug_str     0x0000000000000a76      0x21f obj/Debug/core/drivers/Time.o
                                        0x36e (size before relaxing)
 .debug_str     0x0000000000000c95       0x66 obj/Debug/core/ParsRefrigerator.o
                                        0x1cc (size before relaxing)
 .debug_str     0x0000000000000cfb      0x24b obj/Debug/core/Settings.o
                                        0x584 (size before relaxing)

.debug_loc      0x0000000000000000      0xf8c
 *(.debug_loc)
 .debug_loc     0x0000000000000000      0x12c obj/Debug/hardware/atmega8/cpu/Timer2.o
 .debug_loc     0x000000000000012c       0xd6 obj/Debug/hardware/atmega8/cpu/Utils.o
 .debug_loc     0x0000000000000202      0x104 obj/Debug/hardware/atmega8/targets/Speeno/Speeno.o
 .debug_loc     0x0000000000000306      0x4f4 obj/Debug/core/drivers/Buzzer.o
 .debug_loc     0x00000000000007fa      0x3c3 obj/Debug/core/drivers/Time.o
 .debug_loc     0x0000000000000bbd       0xec obj/Debug/core/ParsRefrigerator.o
 .debug_loc     0x0000000000000ca9      0x2e3 obj/Debug/core/Settings.o

.debug_macinfo
 *(.debug_macinfo)

.debug_weaknames
 *(.debug_weaknames)

.debug_funcnames
 *(.debug_funcnames)

.debug_typenames
 *(.debug_typenames)

.debug_varnames
 *(.debug_varnames)

.debug_pubtypes
 *(.debug_pubtypes)

.debug_ranges   0x0000000000000000       0xa8
 *(.debug_ranges)
 .debug_ranges  0x0000000000000000       0x30 obj/Debug/hardware/atmega8/targets/Speeno/Speeno.o
 .debug_ranges  0x0000000000000030       0x18 obj/Debug/core/drivers/Buzzer.o
 .debug_ranges  0x0000000000000048       0x20 obj/Debug/core/drivers/Time.o
 .debug_ranges  0x0000000000000068       0x20 obj/Debug/core/ParsRefrigerator.o
 .debug_ranges  0x0000000000000088       0x20 obj/Debug/core/Settings.o

.debug_macro
 *(.debug_macro)
OUTPUT(bin/Debug/M8CB.elf elf32-avr)
LOAD linker stubs

Cross Reference Table

Symbol                                            File
_Z4waveih                                         obj/Debug/core/drivers/Buzzer.o
_ZN3cpu4initEv                                    obj/Debug/core/ParsRefrigerator.o
_ZN3pgm9read_implI8SettingsLi36EEclERS1_PKS1_     obj/Debug/core/Settings.o
_ZN3pgm9read_implImLi4EEclEPKm                    obj/Debug/core/Settings.o
_ZN4Time10getSecondsEv                            obj/Debug/core/drivers/Time.o
_ZN4Time10initializeEv                            obj/Debug/hardware/atmega8/cpu/Timer2.o
                                                  obj/Debug/core/ParsRefrigerator.o
_ZN4Time11delayDoIdleEj                           obj/Debug/core/drivers/Time.o
                                                  obj/Debug/core/drivers/Buzzer.o
_ZN4Time11doInterruptEv                           obj/Debug/core/drivers/Time.o
_ZN4Time11interrupts_E                            obj/Debug/core/drivers/Time.o
_ZN4Time13getInterruptsEv                         obj/Debug/core/drivers/Time.o
_ZN4Time13getMinutesU16Ev                         obj/Debug/core/drivers/Time.o
_ZN4Time13getSecondsU16Ev                         obj/Debug/core/drivers/Time.o
_ZN4Time14getMilisecondsEv                        obj/Debug/core/drivers/Time.o
_ZN4Time16getInterruptsU16Ev                      obj/Debug/core/drivers/Time.o
                                                  obj/Debug/core/drivers/Buzzer.o
_ZN4Time17getMilisecondsU16Ev                     obj/Debug/core/drivers/Time.o
_ZN4Time5delayEj                                  obj/Debug/core/drivers/Time.o
_ZN4Time6doIdleEv                                 obj/Debug/core/drivers/Time.o
_ZN4Time7diffU16Ejj                               obj/Debug/core/drivers/Buzzer.o
                                                  obj/Debug/core/drivers/Time.o
_ZN4Time8callbackEv                               obj/Debug/core/drivers/Time.o
                                                  obj/Debug/hardware/atmega8/cpu/Timer2.o
_ZN5Utils17delayMicrosecondsEj                    obj/Debug/hardware/atmega8/cpu/Utils.o
_ZN5Utils17delayMillisecondsEj                    obj/Debug/hardware/atmega8/cpu/Utils.o
_ZN5Utils20delayTenMicrosecondsEj                 obj/Debug/hardware/atmega8/cpu/Utils.o
_ZN6Buzzer11getKeyboardEj                         obj/Debug/core/drivers/Buzzer.o
_ZN6Buzzer11last_value_E                          obj/Debug/core/drivers/Buzzer.o
_ZN6Buzzer14soundIfSilenceENS_9SoundTypeE         obj/Debug/core/drivers/Buzzer.o
_ZN6Buzzer15begin_time_U16_E                      obj/Debug/core/drivers/Buzzer.o
_ZN6Buzzer15getStartProgramEj                     obj/Debug/core/drivers/Buzzer.o
_ZN6Buzzer17soundStartProgramEv                   obj/Debug/core/ParsRefrigerator.o
_ZN6Buzzer18getProgramCompleteEj                  obj/Debug/core/drivers/Buzzer.o
_ZN6Buzzer19getReversedPolarityEj                 obj/Debug/core/drivers/Buzzer.o
_ZN6Buzzer5beginEv                                obj/Debug/core/drivers/Buzzer.o
_ZN6Buzzer5soundENS_9SoundTypeE                   obj/Debug/core/drivers/Buzzer.o
                                                  obj/Debug/core/ParsRefrigerator.o
_ZN6Buzzer6doIdleEv                               obj/Debug/core/drivers/Buzzer.o
_ZN6Buzzer6getOffEj                               obj/Debug/core/drivers/Buzzer.o
_ZN6Buzzer6setOffEv                               obj/Debug/core/drivers/Buzzer.o
_ZN6Buzzer6sound_E                                obj/Debug/core/drivers/Buzzer.o
_ZN6Buzzer7getInfoEj                              obj/Debug/core/drivers/Buzzer.o
_ZN6Buzzer7getSaveEj                              obj/Debug/core/drivers/Buzzer.o
_ZN6Buzzer8getErrorEj                             obj/Debug/core/drivers/Buzzer.o
_ZN6Buzzer8getSoundEj                             obj/Debug/core/drivers/Buzzer.o
_ZN6Buzzer8soundOffEv                             obj/Debug/core/drivers/Buzzer.o
_ZN6Buzzer9getSelectEj                            obj/Debug/core/drivers/Buzzer.o
_ZN8Settings10setDefaultEv                        obj/Debug/core/Settings.o
_ZN8Settings14UARTSpeedValueE                     obj/Debug/core/Settings.o
_ZN8Settings14restoreDefaultEv                    obj/Debug/core/Settings.o
_ZN8Settings4loadEv                               obj/Debug/core/Settings.o
_ZN8Settings4saveEv                               obj/Debug/core/Settings.o
_ZN8Settings5applyEv                              obj/Debug/core/Settings.o
_ZN8Settings5checkEv                              obj/Debug/core/Settings.o
_ZN8hardware10initializeEv                        obj/Debug/hardware/atmega8/targets/Speeno/Speeno.o
                                                  obj/Debug/core/ParsRefrigerator.o
_ZN8hardware13getKeyPressedEv                     obj/Debug/hardware/atmega8/targets/Speeno/Speeno.o
_ZN8hardware14initializePinsEv                    obj/Debug/hardware/atmega8/targets/Speeno/Speeno.o
                                                  obj/Debug/core/ParsRefrigerator.o
_ZN8hardware9setBuzzerEh                          obj/Debug/hardware/atmega8/targets/Speeno/Speeno.o
                                                  obj/Debug/core/drivers/Buzzer.o
_ZNK8Settings12getUARTspeedEv                     obj/Debug/core/Settings.o
__FUSE_REGION_LENGTH__                            /home/lachini/Downloads/arduino-1.8.8/hardware/tools/avr/bin/../lib/gcc/avr/5.4.0/../../../../avr/lib/avr4/crtatmega8.o
__addsf3                                          /home/lachini/Downloads/arduino-1.8.8/hardware/tools/avr/bin/../lib/gcc/avr/5.4.0/../../../../avr/lib/avr4/libm.a(addsf3.o)
                                                  obj/Debug/hardware/atmega8/cpu/Utils.o
__addsf3x                                         /home/lachini/Downloads/arduino-1.8.8/hardware/tools/avr/bin/../lib/gcc/avr/5.4.0/../../../../avr/lib/avr4/libm.a(addsf3x.o)
                                                  /home/lachini/Downloads/arduino-1.8.8/hardware/tools/avr/bin/../lib/gcc/avr/5.4.0/../../../../avr/lib/avr4/libm.a(addsf3.o)
__bad_interrupt                                   /home/lachini/Downloads/arduino-1.8.8/hardware/tools/avr/bin/../lib/gcc/avr/5.4.0/../../../../avr/lib/avr4/crtatmega8.o
__bss_end                                         /home/lachini/Downloads/arduino-1.8.8/hardware/tools/avr/bin/../lib/gcc/avr/5.4.0/avr4/libgcc.a(_clear_bss.o)
__bss_start                                       /home/lachini/Downloads/arduino-1.8.8/hardware/tools/avr/bin/../lib/gcc/avr/5.4.0/avr4/libgcc.a(_clear_bss.o)
__cmpsf2                                          /home/lachini/Downloads/arduino-1.8.8/hardware/tools/avr/bin/../lib/gcc/avr/5.4.0/../../../../avr/lib/avr4/libm.a(cmpsf2.o)
__data_end                                        /home/lachini/Downloads/arduino-1.8.8/hardware/tools/avr/bin/../lib/gcc/avr/5.4.0/avr4/libgcc.a(_copy_data.o)
__data_load_start                                 /home/lachini/Downloads/arduino-1.8.8/hardware/tools/avr/bin/../lib/gcc/avr/5.4.0/avr4/libgcc.a(_copy_data.o)
__data_start                                      /home/lachini/Downloads/arduino-1.8.8/hardware/tools/avr/bin/../lib/gcc/avr/5.4.0/avr4/libgcc.a(_copy_data.o)
__divsf3                                          /home/lachini/Downloads/arduino-1.8.8/hardware/tools/avr/bin/../lib/gcc/avr/5.4.0/../../../../avr/lib/avr4/libm.a(divsf3.o)
                                                  obj/Debug/hardware/atmega8/cpu/Utils.o
__divsf3_pse                                      /home/lachini/Downloads/arduino-1.8.8/hardware/tools/avr/bin/../lib/gcc/avr/5.4.0/../../../../avr/lib/avr4/libm.a(divsf3x.o)
__divsf3x                                         /home/lachini/Downloads/arduino-1.8.8/hardware/tools/avr/bin/../lib/gcc/avr/5.4.0/../../../../avr/lib/avr4/libm.a(divsf3x.o)
                                                  /home/lachini/Downloads/arduino-1.8.8/hardware/tools/avr/bin/../lib/gcc/avr/5.4.0/../../../../avr/lib/avr4/libm.a(divsf3.o)
__do_clear_bss                                    /home/lachini/Downloads/arduino-1.8.8/hardware/tools/avr/bin/../lib/gcc/avr/5.4.0/avr4/libgcc.a(_clear_bss.o)
                                                  obj/Debug/core/Settings.o
                                                  obj/Debug/core/drivers/Time.o
                                                  obj/Debug/core/drivers/Buzzer.o
__do_copy_data                                    /home/lachini/Downloads/arduino-1.8.8/hardware/tools/avr/bin/../lib/gcc/avr/5.4.0/avr4/libgcc.a(_copy_data.o)
                                                  obj/Debug/core/Settings.o
                                                  obj/Debug/core/drivers/Time.o
                                                  obj/Debug/core/drivers/Buzzer.o
                                                  obj/Debug/hardware/atmega8/cpu/Utils.o
__eqsf2                                           /home/lachini/Downloads/arduino-1.8.8/hardware/tools/avr/bin/../lib/gcc/avr/5.4.0/../../../../avr/lib/avr4/libm.a(cmpsf2.o)
__fixunssfsi                                      /home/lachini/Downloads/arduino-1.8.8/hardware/tools/avr/bin/../lib/gcc/avr/5.4.0/../../../../avr/lib/avr4/libm.a(fixunssfsi.o)
                                                  obj/Debug/hardware/atmega8/cpu/Utils.o
__fp_cmp                                          /home/lachini/Downloads/arduino-1.8.8/hardware/tools/avr/bin/../lib/gcc/avr/5.4.0/../../../../avr/lib/avr4/libm.a(fp_cmp.o)
                                                  /home/lachini/Downloads/arduino-1.8.8/hardware/tools/avr/bin/../lib/gcc/avr/5.4.0/../../../../avr/lib/avr4/libm.a(gesf2.o)
                                                  /home/lachini/Downloads/arduino-1.8.8/hardware/tools/avr/bin/../lib/gcc/avr/5.4.0/../../../../avr/lib/avr4/libm.a(cmpsf2.o)
__fp_inf                                          /home/lachini/Downloads/arduino-1.8.8/hardware/tools/avr/bin/../lib/gcc/avr/5.4.0/../../../../avr/lib/avr4/libm.a(fp_inf.o)
                                                  /home/lachini/Downloads/arduino-1.8.8/hardware/tools/avr/bin/../lib/gcc/avr/5.4.0/../../../../avr/lib/avr4/libm.a(mulsf3x.o)
                                                  /home/lachini/Downloads/arduino-1.8.8/hardware/tools/avr/bin/../lib/gcc/avr/5.4.0/../../../../avr/lib/avr4/libm.a(divsf3x.o)
                                                  /home/lachini/Downloads/arduino-1.8.8/hardware/tools/avr/bin/../lib/gcc/avr/5.4.0/../../../../avr/lib/avr4/libm.a(addsf3x.o)
__fp_nan                                          /home/lachini/Downloads/arduino-1.8.8/hardware/tools/avr/bin/../lib/gcc/avr/5.4.0/../../../../avr/lib/avr4/libm.a(fp_nan.o)
                                                  /home/lachini/Downloads/arduino-1.8.8/hardware/tools/avr/bin/../lib/gcc/avr/5.4.0/../../../../avr/lib/avr4/libm.a(mulsf3x.o)
                                                  /home/lachini/Downloads/arduino-1.8.8/hardware/tools/avr/bin/../lib/gcc/avr/5.4.0/../../../../avr/lib/avr4/libm.a(divsf3x.o)
                                                  /home/lachini/Downloads/arduino-1.8.8/hardware/tools/avr/bin/../lib/gcc/avr/5.4.0/../../../../avr/lib/avr4/libm.a(addsf3x.o)
__fp_pscA                                         /home/lachini/Downloads/arduino-1.8.8/hardware/tools/avr/bin/../lib/gcc/avr/5.4.0/../../../../avr/lib/avr4/libm.a(fp_pscA.o)
                                                  /home/lachini/Downloads/arduino-1.8.8/hardware/tools/avr/bin/../lib/gcc/avr/5.4.0/../../../../avr/lib/avr4/libm.a(mulsf3x.o)
                                                  /home/lachini/Downloads/arduino-1.8.8/hardware/tools/avr/bin/../lib/gcc/avr/5.4.0/../../../../avr/lib/avr4/libm.a(divsf3x.o)
                                                  /home/lachini/Downloads/arduino-1.8.8/hardware/tools/avr/bin/../lib/gcc/avr/5.4.0/../../../../avr/lib/avr4/libm.a(addsf3x.o)
__fp_pscB                                         /home/lachini/Downloads/arduino-1.8.8/hardware/tools/avr/bin/../lib/gcc/avr/5.4.0/../../../../avr/lib/avr4/libm.a(fp_pscB.o)
                                                  /home/lachini/Downloads/arduino-1.8.8/hardware/tools/avr/bin/../lib/gcc/avr/5.4.0/../../../../avr/lib/avr4/libm.a(mulsf3x.o)
                                                  /home/lachini/Downloads/arduino-1.8.8/hardware/tools/avr/bin/../lib/gcc/avr/5.4.0/../../../../avr/lib/avr4/libm.a(divsf3x.o)
                                                  /home/lachini/Downloads/arduino-1.8.8/hardware/tools/avr/bin/../lib/gcc/avr/5.4.0/../../../../avr/lib/avr4/libm.a(addsf3x.o)
__fp_round                                        /home/lachini/Downloads/arduino-1.8.8/hardware/tools/avr/bin/../lib/gcc/avr/5.4.0/../../../../avr/lib/avr4/libm.a(fp_round.o)
                                                  /home/lachini/Downloads/arduino-1.8.8/hardware/tools/avr/bin/../lib/gcc/avr/5.4.0/../../../../avr/lib/avr4/libm.a(mulsf3.o)
                                                  /home/lachini/Downloads/arduino-1.8.8/hardware/tools/avr/bin/../lib/gcc/avr/5.4.0/../../../../avr/lib/avr4/libm.a(divsf3.o)
                                                  /home/lachini/Downloads/arduino-1.8.8/hardware/tools/avr/bin/../lib/gcc/avr/5.4.0/../../../../avr/lib/avr4/libm.a(addsf3.o)
__fp_split3                                       /home/lachini/Downloads/arduino-1.8.8/hardware/tools/avr/bin/../lib/gcc/avr/5.4.0/../../../../avr/lib/avr4/libm.a(fp_split3.o)
                                                  /home/lachini/Downloads/arduino-1.8.8/hardware/tools/avr/bin/../lib/gcc/avr/5.4.0/../../../../avr/lib/avr4/libm.a(mulsf3x.o)
                                                  /home/lachini/Downloads/arduino-1.8.8/hardware/tools/avr/bin/../lib/gcc/avr/5.4.0/../../../../avr/lib/avr4/libm.a(divsf3x.o)
                                                  /home/lachini/Downloads/arduino-1.8.8/hardware/tools/avr/bin/../lib/gcc/avr/5.4.0/../../../../avr/lib/avr4/libm.a(addsf3x.o)
__fp_splitA                                       /home/lachini/Downloads/arduino-1.8.8/hardware/tools/avr/bin/../lib/gcc/avr/5.4.0/../../../../avr/lib/avr4/libm.a(fp_split3.o)
                                                  /home/lachini/Downloads/arduino-1.8.8/hardware/tools/avr/bin/../lib/gcc/avr/5.4.0/../../../../avr/lib/avr4/libm.a(fixunssfsi.o)
__fp_szero                                        /home/lachini/Downloads/arduino-1.8.8/hardware/tools/avr/bin/../lib/gcc/avr/5.4.0/../../../../avr/lib/avr4/libm.a(fp_zero.o)
                                                  /home/lachini/Downloads/arduino-1.8.8/hardware/tools/avr/bin/../lib/gcc/avr/5.4.0/../../../../avr/lib/avr4/libm.a(mulsf3x.o)
                                                  /home/lachini/Downloads/arduino-1.8.8/hardware/tools/avr/bin/../lib/gcc/avr/5.4.0/../../../../avr/lib/avr4/libm.a(divsf3x.o)
__fp_zero                                         /home/lachini/Downloads/arduino-1.8.8/hardware/tools/avr/bin/../lib/gcc/avr/5.4.0/../../../../avr/lib/avr4/libm.a(fp_zero.o)
                                                  /home/lachini/Downloads/arduino-1.8.8/hardware/tools/avr/bin/../lib/gcc/avr/5.4.0/../../../../avr/lib/avr4/libm.a(fixunssfsi.o)
                                                  /home/lachini/Downloads/arduino-1.8.8/hardware/tools/avr/bin/../lib/gcc/avr/5.4.0/../../../../avr/lib/avr4/libm.a(addsf3x.o)
__gesf2                                           /home/lachini/Downloads/arduino-1.8.8/hardware/tools/avr/bin/../lib/gcc/avr/5.4.0/../../../../avr/lib/avr4/libm.a(gesf2.o)
__gtsf2                                           /home/lachini/Downloads/arduino-1.8.8/hardware/tools/avr/bin/../lib/gcc/avr/5.4.0/../../../../avr/lib/avr4/libm.a(gesf2.o)
                                                  obj/Debug/hardware/atmega8/cpu/Utils.o
__heap_end                                        /home/lachini/Downloads/arduino-1.8.8/hardware/tools/avr/bin/../lib/gcc/avr/5.4.0/../../../../avr/lib/avr4/crtatmega8.o
__init                                            /home/lachini/Downloads/arduino-1.8.8/hardware/tools/avr/bin/../lib/gcc/avr/5.4.0/../../../../avr/lib/avr4/crtatmega8.o
__lesf2                                           /home/lachini/Downloads/arduino-1.8.8/hardware/tools/avr/bin/../lib/gcc/avr/5.4.0/../../../../avr/lib/avr4/libm.a(cmpsf2.o)
__ltsf2                                           /home/lachini/Downloads/arduino-1.8.8/hardware/tools/avr/bin/../lib/gcc/avr/5.4.0/../../../../avr/lib/avr4/libm.a(cmpsf2.o)
                                                  obj/Debug/hardware/atmega8/cpu/Utils.o
__mulsf3                                          /home/lachini/Downloads/arduino-1.8.8/hardware/tools/avr/bin/../lib/gcc/avr/5.4.0/../../../../avr/lib/avr4/libm.a(mulsf3.o)
                                                  obj/Debug/hardware/atmega8/cpu/Utils.o
__mulsf3_pse                                      /home/lachini/Downloads/arduino-1.8.8/hardware/tools/avr/bin/../lib/gcc/avr/5.4.0/../../../../avr/lib/avr4/libm.a(mulsf3x.o)
__mulsf3x                                         /home/lachini/Downloads/arduino-1.8.8/hardware/tools/avr/bin/../lib/gcc/avr/5.4.0/../../../../avr/lib/avr4/libm.a(mulsf3x.o)
                                                  /home/lachini/Downloads/arduino-1.8.8/hardware/tools/avr/bin/../lib/gcc/avr/5.4.0/../../../../avr/lib/avr4/libm.a(mulsf3.o)
__nesf2                                           /home/lachini/Downloads/arduino-1.8.8/hardware/tools/avr/bin/../lib/gcc/avr/5.4.0/../../../../avr/lib/avr4/libm.a(cmpsf2.o)
__stack                                           /home/lachini/Downloads/arduino-1.8.8/hardware/tools/avr/bin/../lib/gcc/avr/5.4.0/../../../../avr/lib/avr4/crtatmega8.o
__subsf3                                          /home/lachini/Downloads/arduino-1.8.8/hardware/tools/avr/bin/../lib/gcc/avr/5.4.0/../../../../avr/lib/avr4/libm.a(addsf3.o)
__udivmodsi4                                      /home/lachini/Downloads/arduino-1.8.8/hardware/tools/avr/bin/../lib/gcc/avr/5.4.0/avr4/libgcc.a(_udivmodsi4.o)
                                                  obj/Debug/core/drivers/Time.o
__umulhisi3                                       /home/lachini/Downloads/arduino-1.8.8/hardware/tools/avr/bin/../lib/gcc/avr/5.4.0/avr4/libgcc.a(_umulhisi3.o)
                                                  obj/Debug/core/drivers/Buzzer.o
                                                  obj/Debug/hardware/atmega8/cpu/Utils.o
__vector_1                                        /home/lachini/Downloads/arduino-1.8.8/hardware/tools/avr/bin/../lib/gcc/avr/5.4.0/../../../../avr/lib/avr4/crtatmega8.o
__vector_10                                       /home/lachini/Downloads/arduino-1.8.8/hardware/tools/avr/bin/../lib/gcc/avr/5.4.0/../../../../avr/lib/avr4/crtatmega8.o
__vector_11                                       /home/lachini/Downloads/arduino-1.8.8/hardware/tools/avr/bin/../lib/gcc/avr/5.4.0/../../../../avr/lib/avr4/crtatmega8.o
__vector_12                                       /home/lachini/Downloads/arduino-1.8.8/hardware/tools/avr/bin/../lib/gcc/avr/5.4.0/../../../../avr/lib/avr4/crtatmega8.o
__vector_13                                       /home/lachini/Downloads/arduino-1.8.8/hardware/tools/avr/bin/../lib/gcc/avr/5.4.0/../../../../avr/lib/avr4/crtatmega8.o
__vector_14                                       /home/lachini/Downloads/arduino-1.8.8/hardware/tools/avr/bin/../lib/gcc/avr/5.4.0/../../../../avr/lib/avr4/crtatmega8.o
__vector_15                                       /home/lachini/Downloads/arduino-1.8.8/hardware/tools/avr/bin/../lib/gcc/avr/5.4.0/../../../../avr/lib/avr4/crtatmega8.o
__vector_16                                       /home/lachini/Downloads/arduino-1.8.8/hardware/tools/avr/bin/../lib/gcc/avr/5.4.0/../../../../avr/lib/avr4/crtatmega8.o
__vector_17                                       /home/lachini/Downloads/arduino-1.8.8/hardware/tools/avr/bin/../lib/gcc/avr/5.4.0/../../../../avr/lib/avr4/crtatmega8.o
__vector_18                                       /home/lachini/Downloads/arduino-1.8.8/hardware/tools/avr/bin/../lib/gcc/avr/5.4.0/../../../../avr/lib/avr4/crtatmega8.o
__vector_2                                        /home/lachini/Downloads/arduino-1.8.8/hardware/tools/avr/bin/../lib/gcc/avr/5.4.0/../../../../avr/lib/avr4/crtatmega8.o
__vector_3                                        obj/Debug/hardware/atmega8/cpu/Timer2.o
                                                  /home/lachini/Downloads/arduino-1.8.8/hardware/tools/avr/bin/../lib/gcc/avr/5.4.0/../../../../avr/lib/avr4/crtatmega8.o
__vector_4                                        /home/lachini/Downloads/arduino-1.8.8/hardware/tools/avr/bin/../lib/gcc/avr/5.4.0/../../../../avr/lib/avr4/crtatmega8.o
__vector_5                                        /home/lachini/Downloads/arduino-1.8.8/hardware/tools/avr/bin/../lib/gcc/avr/5.4.0/../../../../avr/lib/avr4/crtatmega8.o
__vector_6                                        /home/lachini/Downloads/arduino-1.8.8/hardware/tools/avr/bin/../lib/gcc/avr/5.4.0/../../../../avr/lib/avr4/crtatmega8.o
__vector_7                                        /home/lachini/Downloads/arduino-1.8.8/hardware/tools/avr/bin/../lib/gcc/avr/5.4.0/../../../../avr/lib/avr4/crtatmega8.o
__vector_8                                        /home/lachini/Downloads/arduino-1.8.8/hardware/tools/avr/bin/../lib/gcc/avr/5.4.0/../../../../avr/lib/avr4/crtatmega8.o
__vector_9                                        /home/lachini/Downloads/arduino-1.8.8/hardware/tools/avr/bin/../lib/gcc/avr/5.4.0/../../../../avr/lib/avr4/crtatmega8.o
__vector_default                                  /home/lachini/Downloads/arduino-1.8.8/hardware/tools/avr/bin/../lib/gcc/avr/5.4.0/../../../../avr/lib/avr4/crtatmega8.o
__vectors                                         /home/lachini/Downloads/arduino-1.8.8/hardware/tools/avr/bin/../lib/gcc/avr/5.4.0/../../../../avr/lib/avr4/crtatmega8.o
_exit                                             /home/lachini/Downloads/arduino-1.8.8/hardware/tools/avr/bin/../lib/gcc/avr/5.4.0/avr4/libgcc.a(_exit.o)
exit                                              /home/lachini/Downloads/arduino-1.8.8/hardware/tools/avr/bin/../lib/gcc/avr/5.4.0/avr4/libgcc.a(_exit.o)
                                                  /home/lachini/Downloads/arduino-1.8.8/hardware/tools/avr/bin/../lib/gcc/avr/5.4.0/../../../../avr/lib/avr4/crtatmega8.o
main                                              obj/Debug/core/ParsRefrigerator.o
                                                  /home/lachini/Downloads/arduino-1.8.8/hardware/tools/avr/bin/../lib/gcc/avr/5.4.0/../../../../avr/lib/avr4/crtatmega8.o
memcpy_P                                          /home/lachini/Downloads/arduino-1.8.8/hardware/tools/avr/bin/../lib/gcc/avr/5.4.0/../../../../avr/lib/avr4/libc.a(memcpy_P.o)
                                                  obj/Debug/core/Settings.o
settings                                          obj/Debug/core/Settings.o
                                                  obj/Debug/core/drivers/Buzzer.o
setup                                             obj/Debug/core/ParsRefrigerator.o
